// Jest Snapshot v1, https://goo.gl/fbAQLP

exports[`Home Debe hacer match con el snapshot 1`] = `
<div class="home"><img alt="Vue logo" src="">
  <h1>Hola mundo</h1><button class="btn btn-primary">primary</button><button class="btn btn-secondary">secondary</button><button class="btn btn-success">sucess</button>
</div>
`;
